2026-May-14 10:07:20 Наличие необходимых модулей php (check_php_modules): Ok
Все необходимые модули установлены
2026-May-14 10:07:20 Обязательные параметры PHP (check_php_settings): Ok
Настройки правильные
2026-May-14 10:07:20 Модули веб-сервера (check_security): Ok
Конфликтов не выявлено
2026-May-14 10:07:20 Значения переменных сервера (check_server_vars): Ok
Корректные
2026-May-14 10:07:20 Сохранение сессии (check_session): Ok
50% done
2026-May-14 10:07:20 Параметры настройки UTF (mbstring и константа BX_UTF) (check_mbstring): Ok
Правильные. Сайт работает в UTF кодировке
2026-May-14 10:07:20 Служебные скрипты в корне сайта (check_install_scripts): Ok
Отсутствуют
2026-May-14 10:07:20 Работа с сокетами (check_socket): Ok
Connection to ssl://otusgabrielyan.ru:443	Success

Успешно
2026-May-14 10:07:20 Выполнение агентов на cron (check_bx_crontab): Warning
Замечание. Агенты выполняются на хитах, рекомендуется перевести выполнение агентов на cron
2026-May-14 10:07:21 Сервер очередей Push and Pull (check_pull_stream): Fail
Server version: 4 (Bitrix Push server)
Connection to ssl://otusgabrielyan.ru:443	Success

Ошибка! Не удалось подключиться к модулю nginx-push-stream отправки мгновенных сообщений
